D:\MCUXpresso-Project\frdmmcxn947_lvgl_canfd_lin_log\drivers/fsl_gpio.h:329:20:GPIO_PinWrite	24	static
D:\MCUXpresso-Project\frdmmcxn947_lvgl_canfd_lin_log\drivers/fsl_gpio.h:358:20:GPIO_PortSet	16	static
D:\MCUXpresso-Project\frdmmcxn947_lvgl_canfd_lin_log\drivers/fsl_gpio.h:373:20:GPIO_PortClear	16	static
../board/lvgl_support.c:77:6:lv_port_pre_init	4	static
../board/lvgl_support.c:81:10:LPSPI6_GetFreq	8	static
../board/lvgl_support.c:91:13:SPI_MasterSignalEvent	16	static
../board/lvgl_support.c:104:13:SPI_WaitEvent	4	static
../board/lvgl_support.c:119:13:DEMO_SPI_LCD_WriteCmd	16	static
../board/lvgl_support.c:126:13:DEMO_SPI_LCD_WriteData	16	static
../board/lvgl_support.c:133:13:DEMO_SPI_LCD_WriteMultiData	16	static
../board/lvgl_support.c:141:13:DEMO_InitLcd	8	static
../board/lvgl_support.c:176:6:lv_port_disp_init	8	static
../board/lvgl_support.c:210:13:DEMO_FlushDisplay	48	static
../board/lvgl_support.c:251:6:LCD_screen_Clear	24	static
../board/lvgl_support.c:285:6:lv_port_indev_init	8	static
../board/lvgl_support.c:303:13:I2C_MasterSignalEvent	16	static
../board/lvgl_support.c:310:13:DEMO_InitTouch	8	static
../board/lvgl_support.c:316:13:DEMO_ReadTouch	24	static
