D:\MCUXpresso-Project\frdmmcxn947_lvgl_canfd_lin_log\CMSIS/core_cm33.h:2390:22:__NVIC_EnableIRQ	16	static
../drivers/fsl_clock.h:1394:20:CLOCK_EnableClock	24	static
../drivers/fsl_clock.h:1420:20:CLOCK_DisableClock	24	static
../drivers/fsl_common_arm.h:586:24:EnableIRQ	24	static
../drivers/fsl_common_arm.h:804:24:DisableGlobalIRQ	16	static
../drivers/fsl_common_arm.h:830:20:EnableGlobalIRQ	24	static
../drivers/fsl_flexcan.h:1496:24:FLEXCAN_GetStatusFlags	80	static
../drivers/fsl_flexcan.h:1531:20:FLEXCAN_ClearStatusFlags	24	static
../drivers/fsl_flexcan.h:1589:24:FLEXCAN_GetMbStatusFlags	16	static
../drivers/fsl_flexcan.h:1634:20:FLEXCAN_ClearMbStatusFlags	16	static
../drivers/fsl_flexcan.h:1726:20:FLEXCAN_EnableInterrupts	40	static
../drivers/fsl_flexcan.h:1779:20:FLEXCAN_DisableInterrupts	40	static
../drivers/fsl_flexcan.h:1833:20:FLEXCAN_EnableMbInterrupts	24	static
../drivers/fsl_flexcan.h:1881:20:FLEXCAN_DisableMbInterrupts	24	static
../drivers/fsl_flexcan.h:1965:20:FLEXCAN_Enable	16	static
../drivers/fsl_flexcan.c:349:13:flexcan_memset	32	static
../drivers/fsl_flexcan.c:378:6:FLEXCAN_IsInstanceHasFDMode	16	static
../drivers/fsl_flexcan.c:411:10:FLEXCAN_GetInstance	24	static
../drivers/fsl_flexcan.c:599:6:FLEXCAN_EnterFreezeMode	16	static
../drivers/fsl_flexcan.c:617:6:FLEXCAN_ExitFreezeMode	16	static
../drivers/fsl_flexcan.c:645:13:FLEXCAN_IsMbOccupied	24	static
../drivers/fsl_flexcan.c:721:13:FLEXCAN_Reset	24	static
../drivers/fsl_flexcan.c:811:10:FLEXCAN_SetBitRate	40	static
../drivers/fsl_flexcan.c:838:10:FLEXCAN_SetFDBitRate	48	static
../drivers/fsl_flexcan.c:878:6:FLEXCAN_Init	64	static
../drivers/fsl_flexcan.c:1099:6:FLEXCAN_FDInit	56	static
../drivers/fsl_flexcan.c:1232:6:FLEXCAN_Deinit	24	static
../drivers/fsl_flexcan.c:1279:6:FLEXCAN_GetDefaultConfig	16	static
../drivers/fsl_flexcan.c:1357:6:FLEXCAN_SetPNConfig	24	static
../drivers/fsl_flexcan.c:1400:10:FLEXCAN_ReadPNWakeUpMB	32	static
../drivers/fsl_flexcan.c:1462:6:FLEXCAN_SetTimingConfig	16	static
../drivers/fsl_flexcan.c:1541:6:FLEXCAN_SetFDTimingConfig	16	static
../drivers/fsl_flexcan.c:1588:6:FLEXCAN_SetRxMbGlobalMask	16	static
../drivers/fsl_flexcan.c:1610:6:FLEXCAN_SetRxFifoGlobalMask	16	static
../drivers/fsl_flexcan.c:1636:6:FLEXCAN_SetRxIndividualMask	24	static
../drivers/fsl_flexcan.c:1660:13:FLEXCAN_GetSegments	40	static
../drivers/fsl_flexcan.c:1784:6:FLEXCAN_CalculateImprovedTimingValues	64	static
../drivers/fsl_flexcan.c:1878:17:FLEXCAN_GetFDMailboxOffset	24	static
../drivers/fsl_flexcan.c:1914:13:FLEXCAN_FDGetSegments	48	static
../drivers/fsl_flexcan.c:2012:13:FLEXCAN_CalculateImprovedNominalTimingValues	72	static
../drivers/fsl_flexcan.c:2123:6:FLEXCAN_FDCalculateImprovedTimingValues	48	static
../drivers/fsl_flexcan.c:2226:6:FLEXCAN_SetTxMbConfig	16	static
../drivers/fsl_flexcan.c:2268:6:FLEXCAN_SetRxMbConfig	32	static
../drivers/fsl_flexcan.c:2323:6:FLEXCAN_SetFDTxMbConfig	32	static
../drivers/fsl_flexcan.c:2387:6:FLEXCAN_SetFDRxMbConfig	48	static
../drivers/fsl_flexcan.c:2453:6:FLEXCAN_SetRemoteResponseMbConfig	32	static
../drivers/fsl_flexcan.c:2506:6:FLEXCAN_SetRxFifoConfig	40	static
../drivers/fsl_flexcan.c:2634:6:FLEXCAN_SetEnhancedRxFifoConfig	32	static
../drivers/fsl_flexcan.c:2702:6:FLEXCAN_EnableRxFifoDMA	16	static
../drivers/fsl_flexcan.c:2875:10:FLEXCAN_WriteTxMb	32	static
../drivers/fsl_flexcan.c:2953:10:FLEXCAN_ReadRxMb	40	static
../drivers/fsl_flexcan.c:3032:10:FLEXCAN_WriteFDTxMb	56	static
../drivers/fsl_flexcan.c:3126:10:FLEXCAN_ReadFDRxMb	56	static
../drivers/fsl_flexcan.c:3226:10:FLEXCAN_ReadRxFifo	24	static
../drivers/fsl_flexcan.c:3289:10:FLEXCAN_ReadEnhancedRxFifo	32	static
../drivers/fsl_flexcan.c:3336:10:FLEXCAN_TransferSendBlocking	32	static
../drivers/fsl_flexcan.c:3396:10:FLEXCAN_TransferReceiveBlocking	24	static
../drivers/fsl_flexcan.c:3442:10:FLEXCAN_TransferFDSendBlocking	40	static
../drivers/fsl_flexcan.c:3503:10:FLEXCAN_TransferFDReceiveBlocking	24	static
../drivers/fsl_flexcan.c:3548:10:FLEXCAN_TransferReceiveFifoBlocking	24	static
../drivers/fsl_flexcan.c:3577:10:FLEXCAN_TransferReceiveEnhancedFifoBlocking	32	static
../drivers/fsl_flexcan.c:3605:6:FLEXCAN_TransferCreateHandle	32	static
../drivers/fsl_flexcan.c:3706:10:FLEXCAN_TransferSendNonBlocking	32	static
../drivers/fsl_flexcan.c:3777:10:FLEXCAN_TransferReceiveNonBlocking	32	static
../drivers/fsl_flexcan.c:3837:10:FLEXCAN_TransferFDSendNonBlocking	32	static
../drivers/fsl_flexcan.c:3909:10:FLEXCAN_TransferFDReceiveNonBlocking	32	static
../drivers/fsl_flexcan.c:3968:10:FLEXCAN_TransferReceiveFifoNonBlocking	32	static
../drivers/fsl_flexcan.c:4018:10:FLEXCAN_TransferGetReceiveFifoCount	32	static
../drivers/fsl_flexcan.c:4049:10:FLEXCAN_TransferReceiveEnhancedFifoNonBlocking	64	static
../drivers/fsl_flexcan.c:4105:6:FLEXCAN_TransferAbortSend	32	static
../drivers/fsl_flexcan.c:4151:6:FLEXCAN_TransferFDAbortSend	40	static
../drivers/fsl_flexcan.c:4201:6:FLEXCAN_TransferFDAbortReceive	24	static
../drivers/fsl_flexcan.c:4241:6:FLEXCAN_TransferAbortReceive	24	static
../drivers/fsl_flexcan.c:4279:6:FLEXCAN_TransferAbortReceiveFifo	16	static
../drivers/fsl_flexcan.c:4310:6:FLEXCAN_TransferAbortReceiveEnhancedFifo	16	static
../drivers/fsl_flexcan.c:4353:10:FLEXCAN_GetTimeStamp	16	static
../drivers/fsl_flexcan.c:4367:13:FLEXCAN_CheckUnhandleInterruptEvents	96	static
../drivers/fsl_flexcan.c:4429:17:FLEXCAN_SubHandlerForLegacyRxFIFO	40	static
../drivers/fsl_flexcan.c:4538:17:FLEXCAN_SubHandlerForMB	32	static
../drivers/fsl_flexcan.c:4642:17:FLEXCAN_SubHandlerForDataTransfered	40	static
../drivers/fsl_flexcan.c:4744:17:FLEXCAN_SubHandlerForEhancedRxFifo	56	static
../drivers/fsl_flexcan.c:4845:6:FLEXCAN_TransferHandleIRQ	88	static
../drivers/fsl_flexcan.c:4901:6:CAN0_DriverIRQHandler	8	static
../drivers/fsl_flexcan.c:4912:6:CAN1_DriverIRQHandler	8	static
