../drivers/fsl_clock.h:1394:20:CLOCK_EnableClock	24	static
../drivers/fsl_lpspi.h:524:20:LPSPI_Enable	16	static
../drivers/fsl_lpspi.h:798:20:LPSPI_IsMaster	16	static
../drivers/fsl_edma.h:705:20:EDMA_SetChannelMux	24	static
../drivers/fsl_lpspi_cmsis.c:117:16:LPSPI_CommonControl	80	static
../drivers/fsl_lpspi_cmsis.c:355:13:LPSPI_SetTransferConfigFlags	24	static
../drivers/fsl_lpspi_cmsis.c:442:27:LPSPIx_GetVersion	16	static
../drivers/fsl_lpspi_cmsis.c:447:29:LPSPIx_GetCapabilities	4	static
../drivers/fsl_lpspi_cmsis.c:461:13:KSDK_LPSPI_MasterEdmaCallback	32	static
../drivers/fsl_lpspi_cmsis.c:486:13:KSDK_LPSPI_SlaveEdmaCallback	32	static
../drivers/fsl_lpspi_cmsis.c:512:16:LPSPI_EdmaInitialize	16	static
../drivers/fsl_lpspi_cmsis.c:522:16:LPSPI_EdmaUninitialize	16	static
../drivers/fsl_lpspi_cmsis.c:528:16:LPSPI_EdmaPowerControl	24	static
../drivers/fsl_lpspi_cmsis.c:593:16:LPSPI_EdmaSend	56	static
../drivers/fsl_lpspi_cmsis.c:634:16:LPSPI_EdmaReceive	56	static
../drivers/fsl_lpspi_cmsis.c:675:16:LPSPI_EdmaTransfer	56	static
../drivers/fsl_lpspi_cmsis.c:718:17:LPSPI_EdmaGetCount	40	static
../drivers/fsl_lpspi_cmsis.c:740:16:LPSPI_EdmaControl	56	static
../drivers/fsl_lpspi_cmsis.c:856:23:LPSPI_EdmaGetStatus	24	static
../drivers/fsl_lpspi_cmsis.c:2331:16:LPSPI6_EdmaInitialize	16	static
../drivers/fsl_lpspi_cmsis.c:2339:16:LPSPI6_EdmaUninitialize	8	static
../drivers/fsl_lpspi_cmsis.c:2347:16:LPSPI6_EdmaPowerControl	16	static
../drivers/fsl_lpspi_cmsis.c:2352:16:LPSPI6_EdmaSend	16	static
../drivers/fsl_lpspi_cmsis.c:2357:16:LPSPI6_EdmaReceive	16	static
../drivers/fsl_lpspi_cmsis.c:2362:16:LPSPI6_EdmaTransfer	24	static
../drivers/fsl_lpspi_cmsis.c:2367:17:LPSPI6_EdmaGetCount	8	static
../drivers/fsl_lpspi_cmsis.c:2372:16:LPSPI6_EdmaControl	16	static
../drivers/fsl_lpspi_cmsis.c:2377:23:LPSPI6_EdmaGetStatus	8	static
