D:\MCUXpresso-Project\frdmmcxn947_lvgl_canfd_lin_log\CMSIS/core_cm33.h:2390:22:__NVIC_EnableIRQ	16	static
D:\MCUXpresso-Project\frdmmcxn947_lvgl_canfd_lin_log\CMSIS/core_cm33.h:2587:22:__NVIC_SetPriority	16	static
D:\MCUXpresso-Project\frdmmcxn947_lvgl_canfd_lin_log\CMSIS/core_cm33.h:3140:26:SysTick_Config	16	static
D:\MCUXpresso-Project\frdmmcxn947_lvgl_canfd_lin_log\drivers/fsl_clock.h:1394:20:CLOCK_EnableClock	24	static
D:\MCUXpresso-Project\frdmmcxn947_lvgl_canfd_lin_log\drivers/fsl_common_arm.h:586:24:EnableIRQ	24	static
D:\MCUXpresso-Project\frdmmcxn947_lvgl_canfd_lin_log\drivers/fsl_gpio.h:329:20:GPIO_PinWrite	24	static
D:\MCUXpresso-Project\frdmmcxn947_lvgl_canfd_lin_log\drivers/fsl_gpio.h:373:20:GPIO_PortClear	16	static
D:\MCUXpresso-Project\frdmmcxn947_lvgl_canfd_lin_log\lvgl\lvgl/src/lv_api_map.h:35:51:lv_task_handler	8	static
../source/lvgl_canfd_lin_log.c:137:6:LP_FLEXCOMM2_IRQHandler	4	static
../source/lvgl_canfd_lin_log.c:200:6:uart_LIN_break	16	static
../source/lvgl_canfd_lin_log.c:231:13:i2c_release_bus_delay	8	static
../source/lvgl_canfd_lin_log.c:237:17:sdcardWaitCardInsert	8	static
../source/lvgl_canfd_lin_log.c:266:5:sd_savecsv_header	608	static
../source/lvgl_canfd_lin_log.c:386:6:write_lin_file	24	static
../source/lvgl_canfd_lin_log.c:398:6:write_canfd_file	24	static
../source/lvgl_canfd_lin_log.c:410:6:close_lin_file	8	static
../source/lvgl_canfd_lin_log.c:419:6:close_canfd_file	8	static
../source/lvgl_canfd_lin_log.c:430:5:main	56	static
../source/lvgl_canfd_lin_log.c:542:13:DEMO_SetupTick	8	static
../source/lvgl_canfd_lin_log.c:552:6:SysTick_Handler	8	static
../source/lvgl_canfd_lin_log.c:568:9:LINCheckSum	24	static
../source/lvgl_canfd_lin_log.c:584:9:LINCalcParity	24	static
